全部工作已在先前的运行中完成。我按 ch08 自己给出的原则,没有采信 checklist,而是逐个读了磁盘上的 13 个文件核对。

## 核查结果

| 文件 | 状态 | 三段式 | 篇幅 |
|---|---|---|---|
| `work/chapters/ch01.md` API限流(429) | ✅ 完整 | 症状/处置/预防 | 远超 120 字 |
| `work/chapters/ch02.md` 上游5xx与网关错误 | ✅ 完整 | ✅ | ✅ |
| `work/chapters/ch03.md` 流式响应中断 | ✅ 完整 | ✅ | ✅ |
| `work/chapters/ch04.md` 配额/余额耗尽 | ✅ 完整 | ✅ | ✅ |
| `work/chapters/ch05.md` 认证与key失效 | ✅ 完整 | ✅ | ✅ |
| `work/chapters/ch06.md` 上下文超长污染 | ✅ 完整 | ✅ | ✅ |
| `work/chapters/ch07.md` 工具调用死循环 | ✅ 完整 | ✅ | ✅ |
| `work/chapters/ch08.md` 幻觉式提前宣布完成 | ✅ 完整 | ✅ | ✅ |
| `work/chapters/ch09.md` 依赖服务超时 | ✅ 完整 | ✅ | ✅ |
| `work/chapters/ch10.md` 进程僵死与心跳丢失 | ✅ 完整 | ✅ | ✅ |
| `work/chapters/ch11.md` 文件系统冲突与半成品写入 | ✅ 完整 | ✅ | ✅ |
| `work/chapters/ch12.md` 无人值守的安全边界 | ✅ 完整 | ✅ | ✅ |

`work/PROGRESS.md` 12 项全部 `- [x]`,**与磁盘实际状态一致** —— 勾选数 = 合格文件数 = 12,没有虚勾。每章都是"面向运维者、症状/处置/预防"三段,且带具体可操作参数(退避 cap 值、截断阈值、心跳 warn/kill 分级、原子写序列等),不是空壳或仅有标题。

## 我没有做的事

- 没有重写任何已完成章节 —— 内容合格,重写只会浪费 token 并可能降质。
- 没有改动 `PROGRESS.md` —— 已是正确终态。
- 没有写总结报告 —— 任务第 4 条明确说不需要。
- 未执行任何 shell 命令,全程只用文件读取工具(核查阶段只需 Read/Glob)。

顺带一提:`runs/20260912-180754/` 是上一次运行的产物,`pool-health.json` 有未提交改动,这两处我都没碰。如果你想让我把这次运行的核查结论落到 `runs/` 下,或者对某一章加深内容(比如给 ch10 补一段具体的 py-spy/jstack 取证命令模板),说一声就行。
