12 章全部完成，`work/PROGRESS.md` 12 项已全部勾选。

续写部分（ch05–ch12）：
- `work/chapters/ch05.md` 认证与key失效 — 401/403 归为 fatal 不重试、key 指纹脱敏自查
- `work/chapters/ch06.md` 上下文超长污染 — 硬失败 vs 软退化、工具输出截断、换会话续跑
- `work/chapters/ch07.md` 工具调用死循环 — 调用签名去重检测、进度断言、硬闸门
- `work/chapters/ch08.md` 幻觉式提前宣布完成 — 外部校验裁决、先落盘后勾选
- `work/chapters/ch09.md` 依赖服务超时 — 分层超时、降级路径、熔断隔离
- `work/chapters/ch10.md` 进程僵死与心跳丢失 — 杀前取证、分级阈值防误杀、重启上限
- `work/chapters/ch11.md` 文件系统冲突与半成品写入 — 原子写、单写者所有权、半成品隔离
- `work/chapters/ch12.md` 无人值守的安全边界 — 最小权限、外部内容当数据、缩小损害半径

每章均为「症状/处置/预防」三段式，面向运维者。ch01–ch04 沿用中断前已完成的内容，未重写。全程只用文件读写工具。
没有剩余章节了 —— 12 章在上一轮已全部写完并勾选。核对结果:

- `work/PROGRESS.md`: 12 项全部 `- [x]`
- `work/chapters/`: ch01–ch12 共 12 个文件，无缺失、无多余的半成品文件
- 结构抽检: 每个文件都含且仅含 `## 症状` / `## 处置` / `## 预防` 三个小节（36/12 命中），说明没有被截断在半章

各章主题与 PROGRESS.md 条目一一对应（429 限流、5xx/网关、流式中断、配额耗尽、认证失效、上下文污染、工具死循环、提前宣布完成、依赖超时、进程僵死、文件冲突、安全边界）。按任务要求，全部完成后停止，不写总结报告。
磁盘状态与上一轮一致，无剩余工作:

- `work/PROGRESS.md` 12 项全部勾选
- `work/chapters/` ch01–ch12 齐全，无半成品文件

任务已终态，本轮不做任何写入（重写会覆盖已完成的产物）。

一点运维层面的提示：这是第三次收到同一条"你被中断了，请续传"的提示，而进度文件已全勾。说明恢复触发器是按"上次运行被 kill"判定的，没有先校验完成条件——正好是 ch10 里提到的重启上限缺失 + ch08 里提到的"完成判据要机器可验证"。给恢复逻辑加一条前置检查（PROGRESS.md 全勾且 12 个文件均达标就直接退出，不再唤醒 agent），可以避免这种空转唤醒。
ch01–ch12 齐全，PROGRESS.md 12 项已全勾（本轮未变化）。无剩余章节，不做写入。

这是第 4 次同样的续传唤醒 —— 恢复触发器仍在按"进程被 kill"重放，建议直接停掉它或加上完成条件前置检查，否则会继续无限唤醒。
